INFO [2025-09-11 11:58:34] $x
INFO [2025-09-11 11:58:34] list(`EW up` = EW_up, `EW down` = EW_down, `WY up` = WY_up, `WY down` = WY_down)
INFO [2025-09-11 11:58:34] 
INFO [2025-09-11 11:58:34] $filename
INFO [2025-09-11 11:58:34] NULL
INFO [2025-09-11 11:58:34] 
INFO [2025-09-11 11:58:34] $fill
INFO [2025-09-11 11:58:34] c("red", "pink", "blue", "lightblue")
INFO [2025-09-11 11:58:34] 
INFO [2025-09-11 11:58:34] $alpha
INFO [2025-09-11 11:58:34] [1] 0.5
INFO [2025-09-11 11:58:34] 
INFO [2025-09-11 11:58:34] $cex
INFO [2025-09-11 11:58:34] [1] 1.2
INFO [2025-09-11 11:58:34] 
INFO [2025-09-11 11:58:34] $cat.cex
INFO [2025-09-11 11:58:34] [1] 1.2
INFO [2025-09-11 11:58:34] 
INFO [2025-09-11 11:58:34] $margin
INFO [2025-09-11 11:58:34] [1] 0.1
INFO [2025-09-11 11:58:34] 
INFO [2025-09-11 11:58:34] $main
INFO [2025-09-11 11:58:34] [1] "Significant Changes: EW vs WY"
INFO [2025-09-11 11:58:34] 
