INFO [2025-09-11 11:19:15] $x
INFO [2025-09-11 11:19:15] list(`EW up` = EW_up, `EW down` = EW_down, `WY up` = WY_up, `WY down` = WY_down)
INFO [2025-09-11 11:19:15] 
INFO [2025-09-11 11:19:15] $filename
INFO [2025-09-11 11:19:15] NULL
INFO [2025-09-11 11:19:15] 
INFO [2025-09-11 11:19:15] $fill
INFO [2025-09-11 11:19:15] c("red", "pink", "blue", "lightblue")
INFO [2025-09-11 11:19:15] 
INFO [2025-09-11 11:19:15] $alpha
INFO [2025-09-11 11:19:15] [1] 0.5
INFO [2025-09-11 11:19:15] 
INFO [2025-09-11 11:19:15] $cex
INFO [2025-09-11 11:19:15] [1] 1.2
INFO [2025-09-11 11:19:15] 
INFO [2025-09-11 11:19:15] $cat.cex
INFO [2025-09-11 11:19:15] [1] 1.2
INFO [2025-09-11 11:19:15] 
INFO [2025-09-11 11:19:15] $margin
INFO [2025-09-11 11:19:15] [1] 0.1
INFO [2025-09-11 11:19:15] 
INFO [2025-09-11 11:19:15] $main
INFO [2025-09-11 11:19:15] [1] "Significant Changes: EW vs WY"
INFO [2025-09-11 11:19:15] 
