INFO [2025-09-11 12:06:07] $x
INFO [2025-09-11 12:06:07] list(`EW up` = EW_up, `EW down` = EW_down, `WY up` = WY_up, `WY down` = WY_down)
INFO [2025-09-11 12:06:07] 
INFO [2025-09-11 12:06:07] $filename
INFO [2025-09-11 12:06:07] NULL
INFO [2025-09-11 12:06:07] 
INFO [2025-09-11 12:06:07] $fill
INFO [2025-09-11 12:06:07] c("red", "pink", "blue", "lightblue")
INFO [2025-09-11 12:06:07] 
INFO [2025-09-11 12:06:07] $alpha
INFO [2025-09-11 12:06:07] [1] 0.5
INFO [2025-09-11 12:06:07] 
INFO [2025-09-11 12:06:07] $cex
INFO [2025-09-11 12:06:07] [1] 1.2
INFO [2025-09-11 12:06:07] 
INFO [2025-09-11 12:06:07] $cat.cex
INFO [2025-09-11 12:06:07] [1] 1.2
INFO [2025-09-11 12:06:07] 
INFO [2025-09-11 12:06:07] $margin
INFO [2025-09-11 12:06:07] [1] 0.1
INFO [2025-09-11 12:06:07] 
INFO [2025-09-11 12:06:07] $main
INFO [2025-09-11 12:06:07] [1] "Significant Changes: EW vs WY"
INFO [2025-09-11 12:06:07] 
