INFO [2025-09-11 11:18:01] $x
INFO [2025-09-11 11:18:01] list(`EW up` = EW_up, `EW down` = EW_down, `WY up` = WY_up, `WY down` = WY_down)
INFO [2025-09-11 11:18:01] 
INFO [2025-09-11 11:18:01] $filename
INFO [2025-09-11 11:18:01] NULL
INFO [2025-09-11 11:18:01] 
INFO [2025-09-11 11:18:01] $fill
INFO [2025-09-11 11:18:01] c("red", "pink", "blue", "lightblue")
INFO [2025-09-11 11:18:01] 
INFO [2025-09-11 11:18:01] $alpha
INFO [2025-09-11 11:18:01] [1] 0.5
INFO [2025-09-11 11:18:01] 
INFO [2025-09-11 11:18:01] $cex
INFO [2025-09-11 11:18:01] [1] 1.2
INFO [2025-09-11 11:18:01] 
INFO [2025-09-11 11:18:01] $cat.cex
INFO [2025-09-11 11:18:01] [1] 1.2
INFO [2025-09-11 11:18:01] 
INFO [2025-09-11 11:18:01] $margin
INFO [2025-09-11 11:18:01] [1] 0.1
INFO [2025-09-11 11:18:01] 
INFO [2025-09-11 11:18:01] $main
INFO [2025-09-11 11:18:01] [1] "Significant Changes: EW vs WY"
INFO [2025-09-11 11:18:01] 
