INFO [2025-09-11 12:15:20] $x
INFO [2025-09-11 12:15:20] list(`EW up` = EW_up, `EW down` = EW_down, `WY up` = WY_up, `WY down` = WY_down)
INFO [2025-09-11 12:15:20] 
INFO [2025-09-11 12:15:20] $filename
INFO [2025-09-11 12:15:20] NULL
INFO [2025-09-11 12:15:20] 
INFO [2025-09-11 12:15:20] $fill
INFO [2025-09-11 12:15:20] c("red", "pink", "blue", "lightblue")
INFO [2025-09-11 12:15:20] 
INFO [2025-09-11 12:15:20] $alpha
INFO [2025-09-11 12:15:20] [1] 0.5
INFO [2025-09-11 12:15:20] 
INFO [2025-09-11 12:15:20] $cex
INFO [2025-09-11 12:15:20] [1] 1.2
INFO [2025-09-11 12:15:20] 
INFO [2025-09-11 12:15:20] $cat.cex
INFO [2025-09-11 12:15:20] [1] 1.2
INFO [2025-09-11 12:15:20] 
INFO [2025-09-11 12:15:20] $margin
INFO [2025-09-11 12:15:20] [1] 0.1
INFO [2025-09-11 12:15:20] 
INFO [2025-09-11 12:15:20] $main
INFO [2025-09-11 12:15:20] [1] "Significant Changes: EW vs WY"
INFO [2025-09-11 12:15:20] 
