INFO [2025-09-11 11:03:11] $x
INFO [2025-09-11 11:03:11] list(`EW up` = EW_up, `EW down` = EW_down, `WY up` = WY_up, `WY down` = WY_down)
INFO [2025-09-11 11:03:11] 
INFO [2025-09-11 11:03:11] $filename
INFO [2025-09-11 11:03:11] NULL
INFO [2025-09-11 11:03:11] 
INFO [2025-09-11 11:03:11] $fill
INFO [2025-09-11 11:03:11] c("red", "pink", "blue", "lightblue")
INFO [2025-09-11 11:03:11] 
INFO [2025-09-11 11:03:11] $alpha
INFO [2025-09-11 11:03:11] [1] 0.5
INFO [2025-09-11 11:03:11] 
INFO [2025-09-11 11:03:11] $cex
INFO [2025-09-11 11:03:11] [1] 1.2
INFO [2025-09-11 11:03:11] 
INFO [2025-09-11 11:03:11] $cat.cex
INFO [2025-09-11 11:03:11] [1] 1.2
INFO [2025-09-11 11:03:11] 
INFO [2025-09-11 11:03:11] $margin
INFO [2025-09-11 11:03:11] [1] 0.1
INFO [2025-09-11 11:03:11] 
INFO [2025-09-11 11:03:11] $main
INFO [2025-09-11 11:03:11] [1] "Significant Changes: EW vs WY"
INFO [2025-09-11 11:03:11] 
