INFO [2025-09-11 12:23:33] $x
INFO [2025-09-11 12:23:33] list(`EW up` = EW_up, `EW down` = EW_down, `WY up` = WY_up, `WY down` = WY_down)
INFO [2025-09-11 12:23:33] 
INFO [2025-09-11 12:23:33] $filename
INFO [2025-09-11 12:23:33] NULL
INFO [2025-09-11 12:23:33] 
INFO [2025-09-11 12:23:33] $fill
INFO [2025-09-11 12:23:33] c("red", "pink", "blue", "lightblue")
INFO [2025-09-11 12:23:33] 
INFO [2025-09-11 12:23:33] $alpha
INFO [2025-09-11 12:23:33] [1] 0.5
INFO [2025-09-11 12:23:33] 
INFO [2025-09-11 12:23:33] $cex
INFO [2025-09-11 12:23:33] [1] 1.2
INFO [2025-09-11 12:23:33] 
INFO [2025-09-11 12:23:33] $cat.cex
INFO [2025-09-11 12:23:33] [1] 1.2
INFO [2025-09-11 12:23:33] 
INFO [2025-09-11 12:23:33] $margin
INFO [2025-09-11 12:23:33] [1] 0.1
INFO [2025-09-11 12:23:33] 
INFO [2025-09-11 12:23:33] $main
INFO [2025-09-11 12:23:33] [1] "Significant Changes: EW vs WY"
INFO [2025-09-11 12:23:33] 
