INFO [2025-09-11 11:08:51] $x
INFO [2025-09-11 11:08:51] list(`EW up` = EW_up, `EW down` = EW_down, `WY up` = WY_up, `WY down` = WY_down)
INFO [2025-09-11 11:08:51] 
INFO [2025-09-11 11:08:51] $filename
INFO [2025-09-11 11:08:51] NULL
INFO [2025-09-11 11:08:51] 
INFO [2025-09-11 11:08:51] $fill
INFO [2025-09-11 11:08:51] c("red", "pink", "blue", "lightblue")
INFO [2025-09-11 11:08:51] 
INFO [2025-09-11 11:08:51] $alpha
INFO [2025-09-11 11:08:51] [1] 0.5
INFO [2025-09-11 11:08:51] 
INFO [2025-09-11 11:08:51] $cex
INFO [2025-09-11 11:08:51] [1] 1.2
INFO [2025-09-11 11:08:51] 
INFO [2025-09-11 11:08:51] $cat.cex
INFO [2025-09-11 11:08:51] [1] 1.2
INFO [2025-09-11 11:08:51] 
INFO [2025-09-11 11:08:51] $margin
INFO [2025-09-11 11:08:51] [1] 0.1
INFO [2025-09-11 11:08:51] 
INFO [2025-09-11 11:08:51] $main
INFO [2025-09-11 11:08:51] [1] "Significant Changes: EW vs WY"
INFO [2025-09-11 11:08:51] 
