INFO [2025-09-11 11:13:12] $x
INFO [2025-09-11 11:13:12] list(`EW up` = EW_up, `EW down` = EW_down, `WY up` = WY_up, `WY down` = WY_down)
INFO [2025-09-11 11:13:12] 
INFO [2025-09-11 11:13:12] $filename
INFO [2025-09-11 11:13:12] NULL
INFO [2025-09-11 11:13:12] 
INFO [2025-09-11 11:13:12] $fill
INFO [2025-09-11 11:13:12] c("red", "pink", "blue", "lightblue")
INFO [2025-09-11 11:13:12] 
INFO [2025-09-11 11:13:12] $alpha
INFO [2025-09-11 11:13:12] [1] 0.5
INFO [2025-09-11 11:13:12] 
INFO [2025-09-11 11:13:12] $cex
INFO [2025-09-11 11:13:12] [1] 1.2
INFO [2025-09-11 11:13:12] 
INFO [2025-09-11 11:13:12] $cat.cex
INFO [2025-09-11 11:13:12] [1] 1.2
INFO [2025-09-11 11:13:12] 
INFO [2025-09-11 11:13:12] $margin
INFO [2025-09-11 11:13:12] [1] 0.1
INFO [2025-09-11 11:13:12] 
INFO [2025-09-11 11:13:12] $main
INFO [2025-09-11 11:13:12] [1] "Significant Changes: EW vs WY"
INFO [2025-09-11 11:13:12] 
