INFO [2025-09-11 11:59:26] $x
INFO [2025-09-11 11:59:26] list(`EW up` = EW_up, `EW down` = EW_down, `WY up` = WY_up, `WY down` = WY_down)
INFO [2025-09-11 11:59:26] 
INFO [2025-09-11 11:59:26] $filename
INFO [2025-09-11 11:59:26] NULL
INFO [2025-09-11 11:59:26] 
INFO [2025-09-11 11:59:26] $fill
INFO [2025-09-11 11:59:26] c("red", "pink", "blue", "lightblue")
INFO [2025-09-11 11:59:26] 
INFO [2025-09-11 11:59:26] $alpha
INFO [2025-09-11 11:59:26] [1] 0.5
INFO [2025-09-11 11:59:26] 
INFO [2025-09-11 11:59:26] $cex
INFO [2025-09-11 11:59:26] [1] 1.2
INFO [2025-09-11 11:59:26] 
INFO [2025-09-11 11:59:26] $cat.cex
INFO [2025-09-11 11:59:26] [1] 1.2
INFO [2025-09-11 11:59:26] 
INFO [2025-09-11 11:59:26] $margin
INFO [2025-09-11 11:59:26] [1] 0.1
INFO [2025-09-11 11:59:26] 
INFO [2025-09-11 11:59:26] $main
INFO [2025-09-11 11:59:26] [1] "Significant Changes: EW vs WY"
INFO [2025-09-11 11:59:26] 
