INFO [2025-09-08 12:02:50] $x
INFO [2025-09-08 12:02:50] list(EW = sig_EW_neg, WY = sig_WY_neg)
INFO [2025-09-08 12:02:50] 
INFO [2025-09-08 12:02:50] $category.names
INFO [2025-09-08 12:02:50] c("EW down", "WY down")
INFO [2025-09-08 12:02:50] 
INFO [2025-09-08 12:02:50] $filename
INFO [2025-09-08 12:02:50] NULL
INFO [2025-09-08 12:02:50] 
INFO [2025-09-08 12:02:50] $fill
INFO [2025-09-08 12:02:50] c("red", "blue")
INFO [2025-09-08 12:02:50] 
INFO [2025-09-08 12:02:50] $alpha
INFO [2025-09-08 12:02:50] [1] 0.5
INFO [2025-09-08 12:02:50] 
INFO [2025-09-08 12:02:50] $cex
INFO [2025-09-08 12:02:50] [1] 1.5
INFO [2025-09-08 12:02:50] 
INFO [2025-09-08 12:02:50] $cat.cex
INFO [2025-09-08 12:02:50] [1] 1.2
INFO [2025-09-08 12:02:50] 
INFO [2025-09-08 12:02:50] $main
INFO [2025-09-08 12:02:50] [1] "Significant Negative Changes"
INFO [2025-09-08 12:02:50] 
