INFO [2025-09-08 12:56:04] $x
INFO [2025-09-08 12:56:04] list(`EW up` = EW_up, `EW down` = EW_down, `WY up` = WY_up, `WY down` = WY_down)
INFO [2025-09-08 12:56:04] 
INFO [2025-09-08 12:56:04] $filename
INFO [2025-09-08 12:56:04] NULL
INFO [2025-09-08 12:56:04] 
INFO [2025-09-08 12:56:04] $fill
INFO [2025-09-08 12:56:04] c("red", "pink", "blue", "lightblue")
INFO [2025-09-08 12:56:04] 
INFO [2025-09-08 12:56:04] $alpha
INFO [2025-09-08 12:56:04] [1] 0.5
INFO [2025-09-08 12:56:04] 
INFO [2025-09-08 12:56:04] $cex
INFO [2025-09-08 12:56:04] [1] 1.2
INFO [2025-09-08 12:56:04] 
INFO [2025-09-08 12:56:04] $cat.cex
INFO [2025-09-08 12:56:04] [1] 1.2
INFO [2025-09-08 12:56:04] 
INFO [2025-09-08 12:56:04] $margin
INFO [2025-09-08 12:56:04] [1] 0.1
INFO [2025-09-08 12:56:04] 
INFO [2025-09-08 12:56:04] $main
INFO [2025-09-08 12:56:04] [1] "Significant Changes: EW vs WY"
INFO [2025-09-08 12:56:04] 
