INFO [2025-09-08 13:30:27] $x
INFO [2025-09-08 13:30:27] list(`EW up` = EW_up, `EW down` = EW_down, `WY up` = WY_up, `WY down` = WY_down)
INFO [2025-09-08 13:30:27] 
INFO [2025-09-08 13:30:27] $filename
INFO [2025-09-08 13:30:27] NULL
INFO [2025-09-08 13:30:27] 
INFO [2025-09-08 13:30:27] $fill
INFO [2025-09-08 13:30:27] c("red", "pink", "blue", "lightblue")
INFO [2025-09-08 13:30:27] 
INFO [2025-09-08 13:30:27] $alpha
INFO [2025-09-08 13:30:27] [1] 0.5
INFO [2025-09-08 13:30:27] 
INFO [2025-09-08 13:30:27] $cex
INFO [2025-09-08 13:30:27] [1] 1.2
INFO [2025-09-08 13:30:27] 
INFO [2025-09-08 13:30:27] $cat.cex
INFO [2025-09-08 13:30:27] [1] 1.2
INFO [2025-09-08 13:30:27] 
INFO [2025-09-08 13:30:27] $margin
INFO [2025-09-08 13:30:27] [1] 0.1
INFO [2025-09-08 13:30:27] 
INFO [2025-09-08 13:30:27] $main
INFO [2025-09-08 13:30:27] [1] "Significant Changes: EW vs WY"
INFO [2025-09-08 13:30:27] 
