INFO [2025-09-08 12:04:06] $x
INFO [2025-09-08 12:04:06] list(`EW up` = EW_up, `EW down` = EW_down, `WY up` = WY_up, `WY down` = WY_down)
INFO [2025-09-08 12:04:06] 
INFO [2025-09-08 12:04:06] $filename
INFO [2025-09-08 12:04:06] NULL
INFO [2025-09-08 12:04:06] 
INFO [2025-09-08 12:04:06] $fill
INFO [2025-09-08 12:04:06] c("red", "pink", "blue", "lightblue")
INFO [2025-09-08 12:04:06] 
INFO [2025-09-08 12:04:06] $alpha
INFO [2025-09-08 12:04:06] [1] 0.5
INFO [2025-09-08 12:04:06] 
INFO [2025-09-08 12:04:06] $cex
INFO [2025-09-08 12:04:06] [1] 1.2
INFO [2025-09-08 12:04:06] 
INFO [2025-09-08 12:04:06] $cat.cex
INFO [2025-09-08 12:04:06] [1] 1.2
INFO [2025-09-08 12:04:06] 
INFO [2025-09-08 12:04:06] $margin
INFO [2025-09-08 12:04:06] [1] 0.1
INFO [2025-09-08 12:04:06] 
INFO [2025-09-08 12:04:06] $main
INFO [2025-09-08 12:04:06] [1] "Significant Changes: EW vs WY"
INFO [2025-09-08 12:04:06] 
