INFO [2025-09-08 13:09:31] $x
INFO [2025-09-08 13:09:31] list(`EW up` = EW_up, `EW down` = EW_down, `WY up` = WY_up, `WY down` = WY_down)
INFO [2025-09-08 13:09:31] 
INFO [2025-09-08 13:09:31] $filename
INFO [2025-09-08 13:09:31] NULL
INFO [2025-09-08 13:09:31] 
INFO [2025-09-08 13:09:31] $fill
INFO [2025-09-08 13:09:31] c("red", "pink", "blue", "lightblue")
INFO [2025-09-08 13:09:31] 
INFO [2025-09-08 13:09:31] $alpha
INFO [2025-09-08 13:09:31] [1] 0.5
INFO [2025-09-08 13:09:31] 
INFO [2025-09-08 13:09:31] $cex
INFO [2025-09-08 13:09:31] [1] 1.2
INFO [2025-09-08 13:09:31] 
INFO [2025-09-08 13:09:31] $cat.cex
INFO [2025-09-08 13:09:31] [1] 1.2
INFO [2025-09-08 13:09:31] 
INFO [2025-09-08 13:09:31] $margin
INFO [2025-09-08 13:09:31] [1] 0.1
INFO [2025-09-08 13:09:31] 
INFO [2025-09-08 13:09:31] $main
INFO [2025-09-08 13:09:31] [1] "Significant Changes: EW vs WY"
INFO [2025-09-08 13:09:31] 
