INFO [2025-09-08 12:02:44] $x
INFO [2025-09-08 12:02:44] list(EW = sig_EW_pos, WY = sig_WY_pos)
INFO [2025-09-08 12:02:44] 
INFO [2025-09-08 12:02:44] $category.names
INFO [2025-09-08 12:02:44] c("EW up", "WY up")
INFO [2025-09-08 12:02:44] 
INFO [2025-09-08 12:02:44] $filename
INFO [2025-09-08 12:02:44] NULL
INFO [2025-09-08 12:02:44] 
INFO [2025-09-08 12:02:44] $fill
INFO [2025-09-08 12:02:44] c("red", "blue")
INFO [2025-09-08 12:02:44] 
INFO [2025-09-08 12:02:44] $alpha
INFO [2025-09-08 12:02:44] [1] 0.5
INFO [2025-09-08 12:02:44] 
INFO [2025-09-08 12:02:44] $cex
INFO [2025-09-08 12:02:44] [1] 1.5
INFO [2025-09-08 12:02:44] 
INFO [2025-09-08 12:02:44] $cat.cex
INFO [2025-09-08 12:02:44] [1] 1.2
INFO [2025-09-08 12:02:44] 
INFO [2025-09-08 12:02:44] $main
INFO [2025-09-08 12:02:44] [1] "Significant Positive Changes"
INFO [2025-09-08 12:02:44] 
