INFO [2025-09-08 12:48:25] $x
INFO [2025-09-08 12:48:25] list(`EW up` = EW_up, `EW down` = EW_down, `WY up` = WY_up, `WY down` = WY_down)
INFO [2025-09-08 12:48:25] 
INFO [2025-09-08 12:48:25] $filename
INFO [2025-09-08 12:48:25] NULL
INFO [2025-09-08 12:48:25] 
INFO [2025-09-08 12:48:25] $fill
INFO [2025-09-08 12:48:25] c("red", "pink", "blue", "lightblue")
INFO [2025-09-08 12:48:25] 
INFO [2025-09-08 12:48:25] $alpha
INFO [2025-09-08 12:48:25] [1] 0.5
INFO [2025-09-08 12:48:25] 
INFO [2025-09-08 12:48:25] $cex
INFO [2025-09-08 12:48:25] [1] 1.2
INFO [2025-09-08 12:48:25] 
INFO [2025-09-08 12:48:25] $cat.cex
INFO [2025-09-08 12:48:25] [1] 1.2
INFO [2025-09-08 12:48:25] 
INFO [2025-09-08 12:48:25] $margin
INFO [2025-09-08 12:48:25] [1] 0.1
INFO [2025-09-08 12:48:25] 
INFO [2025-09-08 12:48:25] $main
INFO [2025-09-08 12:48:25] [1] "Significant Changes: EW vs WY"
INFO [2025-09-08 12:48:25] 
